matches the snapshot:
  1: |
    raw: |
      1. Get the application URL by running these commands:
  2: |
    apiVersion: apps/v1
    kind: Deployment
    metadata:
      labels:
        app.kubernetes.io/instance: RELEASE-NAME
        app.kubernetes.io/managed-by: Helm
        app.kubernetes.io/name: old-typo3
        app.kubernetes.io/version: v9.4
        helm.sh/chart: old-typo3-v3.1.0-alpha1
      name: RELEASE-NAME-old-typo3
    spec:
      replicas: 1
      selector:
        matchLabels:
          app.kubernetes.io/instance: RELEASE-NAME
          app.kubernetes.io/name: old-typo3
      template:
        metadata:
          labels:
            app.kubernetes.io/instance: RELEASE-NAME
            app.kubernetes.io/name: old-typo3
        spec:
          containers:
            - image: docker.io/securecodebox/demo-target-old-typo3:v9.4
              imagePullPolicy: IfNotPresent
              livenessProbe:
                httpGet:
                  path: /
                  port: http
              name: old-typo3
              ports:
                - containerPort: 80
                  name: http
                  protocol: TCP
              readinessProbe:
                httpGet:
                  path: /
                  port: http
              resources: {}
              securityContext: {}
          securityContext: {}
  3: |
    kind: Ingress
    metadata:
      labels:
        app.kubernetes.io/instance: RELEASE-NAME
        app.kubernetes.io/managed-by: Helm
        app.kubernetes.io/name: old-typo3
        app.kubernetes.io/version: v9.4
        helm.sh/chart: old-typo3-v3.1.0-alpha1
      name: RELEASE-NAME-old-typo3
    spec:
      rules:
        - host: chart-example.local
          http:
            paths: null
  4: |
    apiVersion: v1
    kind: Service
    metadata:
      labels:
        app.kubernetes.io/instance: RELEASE-NAME
        app.kubernetes.io/managed-by: Helm
        app.kubernetes.io/name: old-typo3
        app.kubernetes.io/version: v9.4
        helm.sh/chart: old-typo3-v3.1.0-alpha1
      name: RELEASE-NAME-old-typo3
    spec:
      ports:
        - name: http
          port: 80
          protocol: TCP
          targetPort: http
      selector:
        app.kubernetes.io/instance: RELEASE-NAME
        app.kubernetes.io/name: old-typo3
      type: ClusterIP
  5: |
    apiVersion: v1
    kind: Pod
    metadata:
      annotations:
        helm.sh/hook: test
      labels:
        app.kubernetes.io/instance: RELEASE-NAME
        app.kubernetes.io/managed-by: Helm
        app.kubernetes.io/name: old-typo3
        app.kubernetes.io/version: v9.4
        helm.sh/chart: old-typo3-v3.1.0-alpha1
      name: RELEASE-NAME-old-typo3-test-connection
    spec:
      containers:
        - args:
            - RELEASE-NAME-old-typo3:80
          command:
            - wget
          image: busybox
          name: wget
      restartPolicy: Never
