matches the snapshot:
  1: |
    apiVersion: v1
    kind: Service
    metadata:
      labels:
        app: trivy-database
      name: trivy-database
    spec:
      ports:
        - port: 8080
          protocol: TCP
          targetPort: 8080
      selector:
        app: trivy-database
      type: ClusterIP
  2: |
    apiVersion: apps/v1
    kind: Deployment
    metadata:
      labels:
        app: trivy-database
      name: trivy-database
    spec:
      replicas: 1
      selector:
        matchLabels:
          app: trivy-database
      template:
        metadata:
          labels:
            app: trivy-database
        spec:
          containers:
            - args:
                - server
                - --listen
                - 0.0.0.0:8080
              image: docker.io/aquasec/trivy:0.0.0
              imagePullPolicy: IfNotPresent
              livenessProbe:
                failureThreshold: 10
                httpGet:
                  path: /healthz
                  port: trivy-http
                  scheme: HTTP
                initialDelaySeconds: 5
                periodSeconds: 10
                successThreshold: 1
              name: trivy-database
              ports:
                - containerPort: 8080
                  name: trivy-http
                  protocol: TCP
              readinessProbe:
                failureThreshold: 3
                httpGet:
                  path: /healthz
                  port: trivy-http
                  scheme: HTTP
                initialDelaySeconds: 5
                periodSeconds: 10
                successThreshold: 1
  3: |
    apiVersion: execution.securecodebox.io/v1
    kind: ParseDefinition
    metadata:
      name: trivy-json
    spec:
      affinity:
        foo: bar
      env:
        - name: foo
          value: bar
      image: docker.io/securecodebox/parser-trivy:0.0.0
      imagePullPolicy: IfNotPresent
      imagePullSecrets:
        - name: foo
      resources:
        foo: bar
      scopeLimiterAliases:
        foo: bar
      tolerations:
        - foo: bar
      ttlSecondsAfterFinished: null
  4: |
    apiVersion: v1
    kind: ServiceAccount
    metadata:
      name: trivy-k8s
      namespace: NAMESPACE
  5: |
    apiVersion: rbac.authorization.k8s.io/v1
    kind: RoleBinding
    metadata:
      name: trivy-k8s-lurker
      namespace: NAMESPACE
    roleRef:
      apiGroup: rbac.authorization.k8s.io
      kind: Role
      name: lurker
    subjects:
      - kind: ServiceAccount
        name: trivy-k8s
        namespace: NAMESPACE
  6: |
    apiVersion: rbac.authorization.k8s.io/v1
    kind: ClusterRole
    metadata:
      name: trivy-k8s
    rules:
      - apiGroups:
          - ""
        resources:
          - pods
          - podtemplates
          - replicationcontrollers
          - namespaces
        verbs:
          - get
          - list
      - apiGroups:
          - apps
        resources:
          - daemonsets
          - statefulsets
          - deployments
        verbs:
          - get
          - list
      - apiGroups:
          - batch
        resources:
          - cronjobs
        verbs:
          - get
          - list
      - apiGroups:
          - networking
        resources:
          - networkpolicies
        verbs:
          - get
          - list
  7: |
    apiVersion: rbac.authorization.k8s.io/v1
    kind: ClusterRoleBinding
    metadata:
      name: trivy-k8s
    roleRef:
      apiGroup: rbac.authorization.k8s.io
      kind: ClusterRole
      name: cluster-admin
    subjects:
      - kind: ServiceAccount
        name: trivy-k8s
        namespace: NAMESPACE
  8: |
    apiVersion: execution.securecodebox.io/v1
    kind: ScanType
    metadata:
      name: trivy-imagefoo
    spec:
      extractResults:
        location: /home/securecodebox/trivy-results.json
        type: trivy-json
      jobTemplate:
        spec:
          backoffLimit: 3
          template:
            spec:
              affinity:
                foo: bar
              containers:
                - command:
                    - trivy
                    - image
                    - --no-progress
                    - --server
                    - http://trivy-database.NAMESPACE.svc:8080
                    - --format
                    - json
                    - --output
                    - /home/securecodebox/trivy-results.json
                  env:
                    - name: foo
                      value: bar
                  image: docker.io/aquasec/trivy:0.0.0
                  imagePullPolicy: IfNotPresent
                  name: trivy
                  resources:
                    foo: bar
                  securityContext:
                    allowPrivilegeEscalation: false
                    capabilities:
                      drop:
                        - all
                    privileged: false
                    readOnlyRootFilesystem: false
                    runAsNonRoot: false
                  volumeMounts: []
                - image: bar
                  name: foo
              imagePullSecrets:
                - name: foo
              restartPolicy: OnFailure
              securityContext:
                fsGroup: 1234
              tolerations:
                - foo: bar
              volumes: []
  9: |
    apiVersion: execution.securecodebox.io/v1
    kind: ScanType
    metadata:
      name: trivy-filesystemfoo
    spec:
      extractResults:
        location: /home/securecodebox/trivy-results.json
        type: trivy-json
      jobTemplate:
        spec:
          backoffLimit: 3
          suspend: false
          template:
            spec:
              affinity:
                foo: bar
              containers:
                - command:
                    - trivy
                    - filesystem
                    - --no-progress
                    - --server
                    - http://trivy-database.NAMESPACE.svc:8080
                    - --format
                    - json
                    - --output
                    - /home/securecodebox/trivy-results.json
                  env:
                    - name: foo
                      value: bar
                  image: docker.io/aquasec/trivy:0.0.0
                  imagePullPolicy: IfNotPresent
                  name: trivy
                  resources:
                    foo: bar
                  securityContext:
                    allowPrivilegeEscalation: false
                    capabilities:
                      drop:
                        - all
                    privileged: false
                    readOnlyRootFilesystem: false
                    runAsNonRoot: false
                  volumeMounts: []
                - image: bar
                  name: foo
              restartPolicy: OnFailure
              tolerations:
                - foo: bar
              volumes: []
  10: |
    apiVersion: execution.securecodebox.io/v1
    kind: ScanType
    metadata:
      name: trivy-repofoo
    spec:
      extractResults:
        location: /home/securecodebox/trivy-results.json
        type: trivy-json
      jobTemplate:
        spec:
          backoffLimit: 3
          suspend: false
          template:
            spec:
              affinity:
                foo: bar
              containers:
                - command:
                    - trivy
                    - repo
                    - --no-progress
                    - --server
                    - http://trivy-database.NAMESPACE.svc:8080
                    - --format
                    - json
                    - --output
                    - /home/securecodebox/trivy-results.json
                  env:
                    - name: foo
                      value: bar
                  image: docker.io/aquasec/trivy:0.0.0
                  imagePullPolicy: IfNotPresent
                  name: trivy
                  resources:
                    foo: bar
                  securityContext:
                    allowPrivilegeEscalation: false
                    capabilities:
                      drop:
                        - all
                    privileged: false
                    readOnlyRootFilesystem: false
                    runAsNonRoot: false
                  volumeMounts: []
                - image: bar
                  name: foo
              restartPolicy: OnFailure
              tolerations:
                - foo: bar
              volumes: []
  11: |
    apiVersion: execution.securecodebox.io/v1
    kind: ScanType
    metadata:
      name: trivy-k8sfoo
    spec:
      extractResults:
        location: /home/securecodebox/trivy-results.json
        type: trivy-json
      jobTemplate:
        spec:
          backoffLimit: 3
          template:
            spec:
              affinity:
                foo: bar
              containers:
                - command:
                    - trivy
                    - k8s
                    - --no-progress
                    - --format
                    - json
                    - --report
                    - all
                    - --output
                    - /home/securecodebox/trivy-results.json
                  env:
                    - name: foo
                      value: bar
                  image: docker.io/aquasec/trivy:0.0.0
                  imagePullPolicy: IfNotPresent
                  name: trivy
                  resources:
                    foo: bar
                  securityContext:
                    allowPrivilegeEscalation: false
                    capabilities:
                      drop:
                        - all
                    privileged: false
                    readOnlyRootFilesystem: false
                    runAsNonRoot: false
                  volumeMounts: []
                - image: bar
                  name: foo
              restartPolicy: OnFailure
              serviceAccountName: trivy-k8s
              tolerations:
                - foo: bar
              volumes: []
