# SPDX-FileCopyrightText: the secureCodeBox authors
#
# SPDX-License-Identifier: Apache-2.0

matches the snapshot:
  1: |
    raw: |2
      Demo Unsafe Https Server deployed.

      Note this should only be used for demo and test purposes.
      Do not expose this to the Internet!
  2: |
    apiVersion: apps/v1
    kind: Deployment
    metadata:
      annotations:
        foo: bar
      labels:
        app.kubernetes.io/instance: RELEASE-NAME
        app.kubernetes.io/managed-by: Helm
        app.kubernetes.io/name: foo
        app.kubernetes.io/version: 0.0.0
        foo: bar
        helm.sh/chart: unsafe-https-0.0.0
      name: bar
    spec:
      replicas: 1
      selector:
        matchLabels:
          app.kubernetes.io/instance: RELEASE-NAME
          app.kubernetes.io/name: foo
      template:
        metadata:
          annotations:
            foo: bar
          labels:
            app.kubernetes.io/instance: RELEASE-NAME
            app.kubernetes.io/name: foo
        spec:
          affinity:
            nodeAffinity:
              requiredDuringSchedulingIgnoredDuringExecution:
                nodeSelectorTerms:
                  - matchExpressions:
                      - key: foo
                        operator: In
                        values:
                          - bar
                          - baz
          containers:
            - image: docker.io/securecodebox/unsafe-https:0.0.0
              imagePullPolicy: IfNotPresent
              livenessProbe:
                tcpSocket:
                  port: 443
              name: unsafe-https
              ports:
                - containerPort: 443
                  name: https
                  protocol: TCP
              readinessProbe:
                tcpSocket:
                  port: 443
              resources:
                requests:
                  cpu: 123m
                  memory: 123Mi
              securityContext:
                capabilities:
                  drop:
                    - ALL
                readOnlyRootFilesystem: true
                runAsNonRoot: true
                runAsUser: 1234
          nodeSelector:
            foo: bar
          securityContext:
            fsGroup: 1234
          tolerations:
            - effect: NoSchedule
              key: foo
              operator: Exists
              value: value1
  3: |
    apiVersion: v1
    kind: Service
    metadata:
      annotations:
        foo: bar
      labels:
        app.kubernetes.io/instance: RELEASE-NAME
        app.kubernetes.io/managed-by: Helm
        app.kubernetes.io/name: foo
        app.kubernetes.io/version: 0.0.0
        foo: bar
        helm.sh/chart: unsafe-https-0.0.0
      name: bar
    spec:
      ports:
        - name: https
          port: 443
          protocol: TCP
          targetPort: https
      selector:
        app.kubernetes.io/instance: RELEASE-NAME
        app.kubernetes.io/name: foo
      type: ClusterIP
