# SPDX-FileCopyrightText: the secureCodeBox authors
#
# SPDX-License-Identifier: Apache-2.0

matches the snapshot:
  1: |
    apiVersion: execution.securecodebox.io/v1
    kind: ParseDefinition
    metadata:
      name: amass-sqlite
    spec:
      affinity:
        foo: bar
      contentType: Binary
      env:
        - name: foo
          value: bar
      image: docker.io/securecodebox/parser-amass:0.0.0
      imagePullPolicy: IfNotPresent
      imagePullSecrets:
        - name: foo
      resources:
        foo: bar
      scopeLimiterAliases:
        foo: bar
      tolerations:
        - foo: bar
      ttlSecondsAfterFinished: null
      volumeMounts:
        - mountPath: /tmp/
          name: temp-storage
      volumes:
        - emptyDir: {}
          name: temp-storage
  2: |
    apiVersion: execution.securecodebox.io/v1
    kind: ScanType
    metadata:
      name: amassfoo
    spec:
      extractResults:
        location: /home/securecodebox/amass.sqlite
        type: amass-sqlite
      jobTemplate:
        spec:
          backoffLimit: 3
          suspend: false
          template:
            spec:
              affinity:
                foo: bar
              containers:
                - command:
                    - amass
                    - enum
                    - -dir
                    - /home/securecodebox/
                  env:
                    - name: foo
                      value: bar
                  image: docker.io/securecodebox/scanner-amass:0.0.0
                  imagePullPolicy: IfNotPresent
                  name: amass
                  resources:
                    foo: bar
                  securityContext:
                    allowPrivilegeEscalation: false
                    capabilities:
                      drop:
                        - all
                    privileged: false
                    readOnlyRootFilesystem: false
                    runAsNonRoot: true
                  volumeMounts:
                    - mountPath: /amass/output/config.ini
                      name: amass-config
                      subPath: config.ini
                - image: bar
                  name: foo
              imagePullSecrets:
                - name: foo
              restartPolicy: OnFailure
              securityContext:
                fsGroup: 1234
              tolerations:
                - foo: bar
              volumes:
                - configMap:
                    name: amass-config
                  name: amass-config
  3: |
    apiVersion: v1
    # REUSE-IgnoreStart
    data:
      config.ini: "# Copyright Â© by Jeff Foley 2017-2022. All rights reserved.\n# Use of this source code is governed by Apache 2 LICENSE that can be found in the LICENSE file.\n# SPDX-License-Identifier: Apache-2.0\n\n# Should results only be collected passively and without DNS resolution? Not recommended.\n#mode = passive\n# Would you like to use active techniques that communicate directly with the discovered assets, \n# such as pulling TLS certificates from discovered IP addresses and attempting DNS zone transfers?\n#mode = active\n\n# The directory that stores the Cayley graph database and other output files\n# The default for Linux systems is: $HOME/.config/amass\n#output_directory = amass\n\n# Another location (directory) where the user can provide ADS scripts to the engine.\n#scripts_directory = \n\n# The maximum number of DNS queries that can be performed concurrently during the enumeration.\n#maximum_dns_queries = 20000\n\n# DNS resolvers used globally by the amass package.\n#[resolvers]\n#resolver = 1.1.1.1 ; Cloudflare\n#resolver = 8.8.8.8 ; Google\n#resolver = 64.6.64.6 ; Verisign\n#resolver = 74.82.42.42 ; Hurricane Electric\n#resolver = 1.0.0.1 ; Cloudflare Secondary\n#resolver = 8.8.4.4 ; Google Secondary\n#resolver = 64.6.65.6 ; Verisign Secondary\n#resolver = 77.88.8.8 ; Yandex.DNS Secondary\n\n[scope]\n# The network infrastructure settings expand scope, not restrict the scope.\n# Single IP address or range (e.g. a.b.c.10-245)\n#address = 192.168.1.1\n#cidr = 192.168.1.0/24\n#asn = 26808\nport = 80\nport = 443\n#port = 8080\n#port = 8443\n\n# Root domain names used in the enumeration. The findings are limited by the root domain names provided.\n#[scope.domains]\n#domain = owasp.org\n#domain = appsecusa.org\n#domain = appsec.eu\n#domain = appsec-labs.com\n\n# Are there any subdomains that are out of scope?\n#[scope.blacklisted]\n#subdomain = education.appsec-labs.com\n#subdomain = 2012.appsecusa.org\n\n# The graph database discovered DNS names, associated network infrastructure, results from data sources, etc.\n# This information is then used in future enumerations and analysis of the discoveries.\n#[graphdbs]\n# postgres://[username:password@]host[:port]/database-name?sslmode=disable of the PostgreSQL \n# database and credentials. Sslmode is optional, and can be disable, require, verify-ca, or verify-full.\n#[graphdbs.postgres]\n#primary = false ; Specify which graph database is the primary db, or the local database will be selected.\n#url = \"postgres://[username:password@]host[:port]/database-name?sslmode=disable\"\n#options=\"connect_timeout=10\"\n\n# MqSQL database and credentials URL format:\n# [username:password@]tcp(host[:3306])/database-name?timeout=10s\n#[graphdbs.mysql]\n#url = [username:password@]tcp(host[:3306])/database-name?timeout=10s\n\n# Settings related to DNS name brute forcing.\n#[bruteforce]\n#enabled = true\n#recursive = true\n# Number of discoveries made in a subdomain before performing recursive brute forcing: Default is 1.\n#minimum_for_recursive = 1\n#wordlist_file = /usr/share/wordlists/all.txt\n#wordlist_file = /usr/share/wordlists/all.txt # multiple lists can be used\n\n# Would you like to permute resolved names?\n#[alterations]\n#enabled = true\n# edit_distance specifies the number of times a primitive edit operation will be\n# performed on a name sample during fuzzy label searching.\n#edit_distance = 1 ; Setting this to zero will disable this expensive feature.\n#flip_words = true   # test-dev.owasp.org -> test-prod.owasp.org\n#flip_numbers = true # test1.owasp.org -> test2.owasp.org\n#add_words = true    # test.owasp.org -> test-dev.owasp.org\n#add_numbers = true  # test.owasp.org -> test1.owasp.org\n# Multiple lists can be used.\n#wordlist_file = /usr/share/wordlists/all.txt\n#wordlist_file = /usr/share/wordlists/all.txt\n\n[data_sources]\n# When set, this time-to-live is the minimum value applied to all data source caching.\nminimum_ttl = 1440 ; One day\n\n# Are there any data sources that should be disabled?\n#[data_sources.disabled]\n#data_source = Ask\n#data_source = Bing\n\n# Provide data source configuration information.\n# See the following format:\n#[data_sources.SOURCENAME] ; The SOURCENAME must match the name in the data source implementation.\n#ttl = 4320 ; Time-to-live value sets the number of minutes that the responses are cached.\n# Unique identifier for this set of SOURCENAME credentials.\n# Multiple sets of credentials can be provided and will be randomly selected.\n#[data_sources.SOURCENAME.CredentialSetID]\n#apikey = ; Each data source uses potentially different keys for authentication.\n#secret = ; See the examples below for each data source.\n#username =\n#password =\n\n# https://passivedns.cn (Contact)\n#[data_sources.360PassiveDNS]\n#[data_sources.360PassiveDNS.Credentials]\n#apikey =\n\n# https://ahrefs.com (Paid)\n#[data_sources.Ahrefs]\n#ttl = 4320\n#[data_sources.Ahrefs.Credentials]\n#apikey =\n\n# https://otx.alienvault.com (Free)\n#[data_sources.AlienVault]\n#[data_sources.AlienVault.Credentials]\n#apikey =\n\n# https://app.binaryedge.com (Paid/Free-trial)\n#[data_sources.BinaryEdge]\n#ttl = 10080\n#[data_sources.BinaryEdge.Credentials]\n#apikey =\n\n# https://tls.bufferover.run/dns?q=.example.com (Paid/Free)\n#[data_sources.BufferOver]\n#[data_sources.BufferOver.Credentials]\n#apikey =\n\n# https://builtwith.com (Paid/Free-trial)\n#[data_sources.BuiltWith]\n#ttl = 10080\n#[data_sources.BuiltWith.Credentials]\n#apikey =\n\n# https://c99.nl (Paid)\n#[data_sources.C99]\n#ttl = 4320\n#[data_sources.C99.account1]\n#apikey =\n#[data_sources.C99.account2]\n#apikey =\n\n# https://censys.io (Paid/Free-trial)\n#[data_sources.Censys]\n#ttl = 10080\n#[data_sources.Censys.Credentials]\n#apikey =\n#secret =\n\n# https://chaos.projectdiscovery.io (Invite-Only)\n#[data_sources.Chaos]\n#ttl = 4320\n#[data_sources.Chaos.Credentials]\n#apikey =\n\n# https://cloudflare.com (Free)\n# Cloudflare apikey is the API token with dns_records and zone read permission\n#[data_sources.Cloudflare]\n#[data_sources.Cloudflare.Credentials]\n#apikey =\n\n# https://circl.lu (Contact)\n#[data_sources.CIRCL]\n#[data_sources.CIRCL.Credentials]\n#username =\n#password =\n\n# https://dnsdb.info (Paid)\n#[data_sources.DNSDB]\n#ttl = 4320\n#[data_sources.DNSDB.Credentials]\n#apikey =\n\n# https://dnslytics.com (Paid)\n#[data_sources.DNSlytics]\n#[data_sources.DNSlytics.Credentials]\n#apikey =\n\n# https://dnsrepo.noc.org (Paid)\n#[data_sources.DNSRepo]\n#[data_sources.DNSRepo.Credentials]\n#apikey =\n\n# https://detectify.com (Paid)\n#[data_sources.Detectify]\n#[data_sources.Detectify.Credentials]\n#apikey =\n\n# https://developer.facebook.com (Free)\n# Look here for how to obtain the Facebook credentials:\n# https://goldplugins.com/documentation/wp-social-pro-documentation/how-to-get-an-app-id-and-secret-key-from-facebook/\n#[data_sources.FacebookCT]\n#ttl = 4320\n#[data_sources.FacebookCT.app1]\n#apikey =\n#secret =\n#[data_sources.FacebookCT.app2]\n#apikey =\n#secret =\n\n# https://fofa.so (Paid)\n#[data_sources.FOFA]\n#ttl = 10080\n#[data_sources.FOFA.Credentials]\n#username =\n#apikey =\n\n# https://github.com (Free)\n#[data_sources.GitHub]\n#ttl = 4320\n#[data_sources.GitHub.accountname]\n#apikey =\n\n# https://gitlab.com (Freemium)\n#[data_sources.GitLab]\n#[data_sources.GitLab.free]\n#apikey =\n#[data_sources.GitLab.premium]\n#apikey =\n\n# https://hackertarget.com (Paid/Free)\n# HackerTarget can be used without an API key, but the key allows better results\n#[data_sources.HackerTarget]\n#ttl = 1440\n#[data_sources.HackerTarget.Credentials]\n#apikey =\n\n# https://hunter.io (Paid/Free-trial)\n#[data_sources.Hunter]\n#[data_sources.Hunter.Credentials]\n#apikey =\n\n#[data_sources.IntelX]\n#[data_sources.IntelX.Credentials]\n#apikey =\n\n# https://ipdata.co (Free)\n#[data_sources.IPdata]\n#[data_sources.IPdata.Credentials]\n#apikey =\n\n# https://ipinfo.io (Paid/Free-trial)\n#[data_sources.IPinfo]\n#[data_sources.IPinfo.Credentials]\n#apikey =\n\n# https://leakix.net/ (Free)\n#[data_sources.LeakIX]\n#[data_sources.LeakIX.Credentials]\n#apikey = \n\n# https://networksdb.io (Paid/Free-trial)\n#[data_sources.NetworksDB]\n#[data_sources.NetworksDB.Credentials]\n#apikey =\n\n# https://onyphe.io (Free)\n#[data_sources.ONYPHE]\n#ttl = 10080\n#[data_sources.ONYPHE.Credentials]\n#apikey =\n\n# https://passivetotal.com (Paid/Free-trial)\n#[data_sources.PassiveTotal]\n#ttl = 10080\n#[data_sources.PassiveTotal.Credentials]\n#username =\n#apikey =\n\n# https://pentest-tools.com (Paid)\n#[data_sources.PentestTools]\n#ttl = 10080\n#[data_sources.PentestTools.Credentials]\n#apikey =\n\n# https://quake.360.cn (Paid)\n#[data_sources.Quake]\n#ttl = 4320\n#[data_sources.Quake.Credentials]\n#apikey =\n\n# https://securitytrails.com (Paid/Free-trial)\n#[data_sources.SecurityTrails]\n#ttl = 1440\n#[data_sources.SecurityTrails.Credentials]\n#apikey =\n\n# https://shodan.io (Paid/Free-trial)\n#[data_sources.Shodan]\n#ttl = 10080\n#[data_sources.Shodan.Credentials]\n#apikey =\n\n# https://spamhaus.com (Free)\n#[data_sources.Spamhaus]\n#ttl = 1440\n#[data_sources.Spamhaus.Credentials]\n#username =\n#password =\n\n# https://spyse.com (Paid/Free-trial)\n#[data_sources.Spyse]\n#ttl = 4320\n#[data_sources.Spyse.Credentials]\n#apikey =\n\n# https://threatbook.cn (Paid)\n#[data_sources.ThreatBook]\n#[data_sources.ThreatBook.account1]\n#apikey=\n\n# https://developer.twitter.com (Free)\n# Provide your Twitter App Consumer API key and Consumer API secret key\n#[data_sources.Twitter]\n#[data_sources.Twitter.account1]\n#apikey =\n#secret =\n#[data_sources.Twitter.account2]\n#apikey =\n#secret =\n\n# https://umbrella.cisco.com (Paid-Enterprise)\n# The apikey must be an API access token created through the Investigate management UI\n#[data_sources.Umbrella]\n#[data_sources.Umbrella.Credentials]\n#apikey =\n\n# https://urlscan.io (Paid/Free-trial)\n# URLScan can be used without an API key, but the key allows new submissions to be made\n#[data_sources.URLScan]\n#[data_sources.URLScan.Credentials]\n#apikey =\n\n# https://virustotal.com (Paid/Free-trial)\n#[data_sources.VirusTotal]\n#ttl = 10080\n#[data_sources.VirusTotal.Credentials]\n#apikey =\n\n# https://whoisxmlapi.com (Paid/Free-trial)\n#[data_sources.WhoisXMLAPI]\n#[data_sources.WhoisXMLAPI.Credentials]\n#apikey = \n\n# https://zetalytics.com (Paid/Invite-Only)\n#[data_sources.ZETAlytics]\n#ttl = 1440\n#[data_sources.ZETAlytics.Credentials]\n#apikey =\n\n#[data_sources.ZoomEye]\n#ttl = 1440\n#[data_sources.ZoomEye.Credentials]\n#username = \n#password = "
    # REUSE-IgnoreEnd
    kind: ConfigMap
    metadata:
      name: amass-config
