matches the snapshot:
  1: |
    raw: |2
      1. Get the application URL by running these commands:
  2: |
    apiVersion: apps/v1
    kind: Deployment
    metadata:
      annotations:
        foo: bar
      labels:
        app.kubernetes.io/instance: RELEASE-NAME
        app.kubernetes.io/managed-by: Helm
        app.kubernetes.io/name: swagger-petstore
        app.kubernetes.io/version: 1.0.3
        foo: bar
        helm.sh/chart: swagger-petstore-v3.1.0-alpha1
      name: RELEASE-NAME-swagger-petstore
    spec:
      replicas: 1
      selector:
        matchLabels:
          app.kubernetes.io/instance: RELEASE-NAME
          app.kubernetes.io/name: swagger-petstore
      template:
        metadata:
          annotations:
            foo: bar
          labels:
            app.kubernetes.io/instance: RELEASE-NAME
            app.kubernetes.io/name: swagger-petstore
        spec:
          containers:
            - env:
                - name: SWAGGER_BASE_PATH
                  value: /v2
                - name: SWAGGER_HOST
                  value: http://swagger-petstore.demo-targets.svc
                - name: SWAGGER_URL
                  value: http://swagger-petstore.demo-targets.svc
              image: docker.io/swaggerapi/petstore:1.0.3
              imagePullPolicy: IfNotPresent
              livenessProbe:
                httpGet:
                  path: /
                  port: http
                initialDelaySeconds: 60
              name: swagger-petstore
              ports:
                - containerPort: 8080
                  name: http
                  protocol: TCP
              readinessProbe:
                failureThreshold: 3
                httpGet:
                  path: /
                  port: http
                initialDelaySeconds: 60
                periodSeconds: 10
                successThreshold: 1
                timeoutSeconds: 60
              resources: {}
              securityContext: {}
          securityContext: {}
  3: |
    kind: Ingress
    metadata:
      labels:
        app.kubernetes.io/instance: RELEASE-NAME
        app.kubernetes.io/managed-by: Helm
        app.kubernetes.io/name: swagger-petstore
        app.kubernetes.io/version: 1.0.3
        foo: bar
        helm.sh/chart: swagger-petstore-v3.1.0-alpha1
      name: RELEASE-NAME-swagger-petstore
    spec:
      rules:
        - host: chart-example.local
          http:
            paths: null
  4: |
    apiVersion: v1
    kind: Service
    metadata:
      annotations:
        foo: bar
      labels:
        app.kubernetes.io/instance: RELEASE-NAME
        app.kubernetes.io/managed-by: Helm
        app.kubernetes.io/name: swagger-petstore
        app.kubernetes.io/version: 1.0.3
        foo: bar
        helm.sh/chart: swagger-petstore-v3.1.0-alpha1
      name: RELEASE-NAME-swagger-petstore
    spec:
      ports:
        - name: http
          port: 80
          protocol: TCP
          targetPort: http
      selector:
        app.kubernetes.io/instance: RELEASE-NAME
        app.kubernetes.io/name: swagger-petstore
      type: ClusterIP
  5: |
    apiVersion: v1
    kind: Pod
    metadata:
      annotations:
        helm.sh/hook: test-success
      labels:
        app.kubernetes.io/instance: RELEASE-NAME
        app.kubernetes.io/managed-by: Helm
        app.kubernetes.io/name: swagger-petstore
        app.kubernetes.io/version: 1.0.3
        foo: bar
        helm.sh/chart: swagger-petstore-v3.1.0-alpha1
      name: RELEASE-NAME-swagger-petstore-test-connection
    spec:
      containers:
        - args:
            - RELEASE-NAME-swagger-petstore:80
          command:
            - wget
          image: busybox
          name: wget
      restartPolicy: Never
