matches the snapshot:
  1: |
    apiVersion: execution.securecodebox.io/v1
    kind: ParseDefinition
    metadata:
      name: semgrep-json
    spec:
      affinity:
        foo: bar
      env:
        - name: foo
          value: bar
      image: securecodebox/parser-semgrep:0.0.0
      imagePullPolicy: IfNotPresent
      imagePullSecrets:
        - name: foo
      resources:
        foo: bar
      scopeLimiterAliases:
        foo: bar
      tolerations:
        - foo: bar
      ttlSecondsAfterFinished: null
  2: |
    apiVersion: execution.securecodebox.io/v1
    kind: ScanType
    metadata:
      name: semgrepfoo
    spec:
      extractResults:
        location: /home/securecodebox/semgrep-results.json
        type: semgrep-json
      jobTemplate:
        spec:
          backoffLimit: 3
          suspend: false
          template:
            spec:
              affinity:
                foo: bar
              containers:
                - command:
                    - semgrep
                    - --json
                    - -o
                    - /home/securecodebox/semgrep-results.json
                  env:
                    - name: foo
                      value: bar
                  image: docker.io/returntocorp/semgrep:0.0.0
                  imagePullPolicy: IfNotPresent
                  name: semgrep
                  resources:
                    foo: bar
                  securityContext:
                    allowPrivilegeEscalation: false
                    capabilities:
                      drop:
                        - all
                    privileged: false
                    readOnlyRootFilesystem: false
                    runAsNonRoot: false
                  volumeMounts: []
                - image: bar
                  name: foo
              imagePullSecrets:
                - name: foo
              restartPolicy: OnFailure
              securityContext:
                fsGroup: 1234
              tolerations:
                - foo: bar
              volumes: []
